<testsuites>
  <testsuite name="GodotTestSuite" tests="10" failures="0" skipped="0">
    <testcase classname="TestAssetRegistry" name="res://src/tests/TestAssetRegistry.gd">
    </testcase>
    <testcase classname="TestEventBus" name="res://src/tests/TestEventBus.gd">
    </testcase>
    <testcase classname="TestDebugSystem" name="res://src/tests/TestDebugSystem.gd">
    </testcase>
    <testcase classname="TestModuleRegistry" name="res://src/tests/TestModuleRegistry.gd">
    </testcase>
    <testcase classname="TestSystemStyle" name="res://src/tests/TestSystemStyle.gd">
    </testcase>
    <testcase classname="TestTraitComponent" name="res://src/tests/TestTraitComponent.gd">
    </testcase>
    <testcase classname="TestArchetype" name="res://src/tests/TestArchetype.gd">
    </testcase>
    <testcase classname="TestComponent" name="res://src/tests/TestComponent.gd">
    </testcase>
    <testcase classname="TestEntityData" name="res://src/tests/TestEntityData.gd">
    </testcase>
    <testcase classname="TestStatsComponent" name="res://src/tests/TestStatsComponent.gd">
    </testcase>
  </testsuite>
</testsuites>
